
> react-kavia@0.1.0 start
> cross-env EDIT_MODE=true webpack serve --config .ve/webpack.config.js --mode development

<i> [webpack-dev-server] Project is running at:
<i> [webpack-dev-server] Loopback: http://localhost:3000/, http://[::1]:3000/
<i> [webpack-dev-server] On Your Network (IPv4): http://172.17.0.2:3000/
<i> [webpack-dev-server] Content not from webpack is served from './public' directory
Injecting EditorRootWrapper import: ../.ve/EditorRootWrapper
asset bundle.js 1.42 MiB [emitted] (name: main)
asset index.html 1.98 KiB [emitted]
runtime modules 27.5 KiB 14 modules
cacheable modules 1.28 MiB
  modules by path ./node_modules/ 1.24 MiB 31 modules
  modules by path ./src/ 28.6 KiB
    modules by path ./src/*.js 16.1 KiB 13 modules
    modules by path ./src/*.css 12.5 KiB
      ./src/index.css 2.23 KiB [built] [code generated]
      + 3 modules
  modules by path ./.ve/ 15.1 KiB
    modules by path ./.ve/*.js 10.6 KiB 2 modules
    modules by path ./.ve/*.css 2.93 KiB
      ./.ve/EditorOverlay.css 2.25 KiB [built] [code generated]
      ./node_modules/css-loader/dist/cjs.js!./.ve/EditorOverlay.css 697 bytes [built] [code generated]
    ./.ve/EditorOverlay.jsx 1.58 KiB [built] [code generated]
webpack 5.99.9 compiled successfully in 1477 ms
assets by status 1.98 KiB [cached] 1 asset
assets by path *.js 1.44 MiB
  asset bundle.js 1.43 MiB [emitted] (name: main)
  asset main.2c8a259a235285a1190c.hot-update.js 14.5 KiB [emitted] [immutable] [hmr] (name: main)
asset main.2c8a259a235285a1190c.hot-update.json 28 bytes [emitted] [immutable] [hmr]
Entrypoint main 1.44 MiB = bundle.js 1.43 MiB main.2c8a259a235285a1190c.hot-update.js 14.5 KiB
cached modules 1.28 MiB [cached] 52 modules
runtime modules 27.5 KiB 14 modules
javascript modules 7.97 KiB
  ./src/App.js 5.5 KiB [built] [code generated]
  ./src/ThemeContext.js 2.47 KiB [built] [code generated]
webpack 5.99.9 compiled successfully in 108 ms
assets by status 1.98 KiB [cached] 1 asset
assets by path *.js 1.44 MiB
  asset bundle.js 1.43 MiB [emitted] (name: main)
  asset main.f136264c486cf0e8c536.hot-update.js 9.2 KiB [emitted] [immutable] [hmr] (name: main)
asset main.f136264c486cf0e8c536.hot-update.json 28 bytes [emitted] [immutable] [hmr]
Entrypoint main 1.44 MiB = bundle.js 1.43 MiB main.f136264c486cf0e8c536.hot-update.js 9.2 KiB
cached modules 1.28 MiB [cached] 53 modules
runtime modules 27.5 KiB 14 modules
./src/Sidebar.js 6.16 KiB [built] [code generated]
webpack 5.99.9 compiled successfully in 68 ms
assets by status 1.98 KiB [cached] 1 asset
assets by path *.js 1.44 MiB
  asset bundle.js 1.43 MiB [emitted] (name: main)
  asset main.e6af070e24a12b81b59a.hot-update.js 9.37 KiB [emitted] [immutable] [hmr] (name: main)
asset main.e6af070e24a12b81b59a.hot-update.json 28 bytes [emitted] [immutable] [hmr]
Entrypoint main 1.44 MiB = bundle.js 1.43 MiB main.e6af070e24a12b81b59a.hot-update.js 9.37 KiB
cached modules 1.28 MiB [cached] 53 modules
runtime modules 27.5 KiB 14 modules
./src/Sidebar.js 6.29 KiB [built] [code generated]
webpack 5.99.9 compiled successfully in 72 ms
assets by status 1.98 KiB [cached] 1 asset
assets by path *.js 1.44 MiB
  asset bundle.js 1.43 MiB [emitted] (name: main)
  asset main.9ddb7b9f1f947a084b61.hot-update.js 9.41 KiB [emitted] [immutable] [hmr] (name: main)
asset main.9ddb7b9f1f947a084b61.hot-update.json 28 bytes [emitted] [immutable] [hmr]
Entrypoint main 1.44 MiB = bundle.js 1.43 MiB main.9ddb7b9f1f947a084b61.hot-update.js 9.41 KiB
cached modules 1.28 MiB [cached] 53 modules
runtime modules 27.5 KiB 14 modules
./src/Sidebar.js 6.32 KiB [built] [code generated]
webpack 5.99.9 compiled successfully in 58 ms
assets by status 1.98 KiB [cached] 1 asset
assets by path *.js 1.44 MiB
  asset bundle.js 1.43 MiB [emitted] (name: main)
  asset main.c6250225afc849b1eaea.hot-update.js 9.41 KiB [emitted] [immutable] [hmr] (name: main)
asset main.c6250225afc849b1eaea.hot-update.json 28 bytes [emitted] [immutable] [hmr]
Entrypoint main 1.44 MiB = bundle.js 1.43 MiB main.c6250225afc849b1eaea.hot-update.js 9.41 KiB
cached modules 1.28 MiB [cached] 53 modules
runtime modules 27.5 KiB 14 modules
./src/Sidebar.js 6.33 KiB [built] [code generated]
webpack 5.99.9 compiled successfully in 57 ms
